[2026-08-03 14:08:31,498] INFO django.utils.autoreload Watching for file changes with StatReloader
[2026-08-03 14:11:12,258] INFO django.utils.autoreload Watching for file changes with StatReloader
[2026-08-03 14:11:53,634] INFO django.utils.autoreload Watching for file changes with StatReloader
[2026-08-03 14:12:32,516] INFO django.utils.autoreload Watching for file changes with StatReloader
[2026-08-03 14:20:18,266] INFO django.utils.autoreload Watching for file changes with StatReloader
[2026-08-03 14:20:41,649] WARNING django.request Not Found: /service-desk/tickets/create/
[2026-08-03 14:20:50,428] WARNING django.request Not Found: /service-desk/tickets/create/
[2026-08-03 14:22:49,952] INFO django.utils.autoreload Watching for file changes with StatReloader
[2026-08-03 14:25:07,612] INFO django.utils.autoreload Watching for file changes with StatReloader
[2026-08-03 15:45:39,048] INFO django.utils.autoreload Watching for file changes with StatReloader
[2026-08-03 15:46:00,760] ERROR django.request Internal Server Error: /tickets/new/
Traceback (most recent call last):
  File "C:\Users\HP\AppData\Roaming\Python\Python314\site-packages\django\core\handlers\exception.py", line 55, in inner
    response = get_response(request)
  File "C:\Users\HP\AppData\Roaming\Python\Python314\site-packages\django\core\handlers\base.py", line 197, in _get_response
    response = wrapped_callback(request, *callback_args, **callback_kwargs)
  File "C:\Users\HP\AppData\Roaming\Python\Python314\site-packages\django\contrib\auth\decorators.py", line 59, in _view_wrapper
    return view_func(request, *args, **kwargs)
  File "C:\Users\HP\AppData\Roaming\Python\Python314\site-packages\django\views\decorators\http.py", line 64, in inner
    return func(request, *args, **kwargs)
  File "C:\Users\HP\OneDrive\Desktop\Zwe\enterprise_service_desk\ticketing_system\apps\service_desk\views\__init__.py", line 155, in ticket_create
    company = require_company(request)
  File "C:\Users\HP\OneDrive\Desktop\Zwe\enterprise_service_desk\ticketing_system\apps\service_desk\tenancy.py", line 43, in require_company
    raise ImproperlyConfigured(
        "No active company configured. Run: python manage.py bootstrap_esd"
    )
django.core.exceptions.ImproperlyConfigured: No active company configured. Run: python manage.py bootstrap_esd
[2026-08-03 15:46:00,761] ERROR django.request Internal Server Error: /tickets/new/
Traceback (most recent call last):
  File "C:\Users\HP\AppData\Roaming\Python\Python314\site-packages\django\core\handlers\exception.py", line 55, in inner
    response = get_response(request)
  File "C:\Users\HP\AppData\Roaming\Python\Python314\site-packages\django\core\handlers\base.py", line 197, in _get_response
    response = wrapped_callback(request, *callback_args, **callback_kwargs)
  File "C:\Users\HP\AppData\Roaming\Python\Python314\site-packages\django\contrib\auth\decorators.py", line 59, in _view_wrapper
    return view_func(request, *args, **kwargs)
  File "C:\Users\HP\AppData\Roaming\Python\Python314\site-packages\django\views\decorators\http.py", line 64, in inner
    return func(request, *args, **kwargs)
  File "C:\Users\HP\OneDrive\Desktop\Zwe\enterprise_service_desk\ticketing_system\apps\service_desk\views\__init__.py", line 155, in ticket_create
    company = require_company(request)
  File "C:\Users\HP\OneDrive\Desktop\Zwe\enterprise_service_desk\ticketing_system\apps\service_desk\tenancy.py", line 43, in require_company
    raise ImproperlyConfigured(
        "No active company configured. Run: python manage.py bootstrap_esd"
    )
django.core.exceptions.ImproperlyConfigured: No active company configured. Run: python manage.py bootstrap_esd
[2026-08-03 15:46:00,766] WARNING apps.service_desk.middleware request_id=b94c506c-9018-4034-8e02-4dd896772043 method=GET path=/tickets/new/ status=500 duration_ms=364.3
[2026-08-03 15:46:00,769] WARNING apps.service_desk.middleware request_id=9571ac74-4ff8-4a97-b125-48c2d300b9e6 method=GET path=/tickets/new/ status=500 duration_ms=579.4
[2026-08-03 16:07:05,810] INFO django.utils.autoreload Watching for file changes with StatReloader
[2026-08-03 16:08:23,615] WARNING django.request Method Not Allowed (GET): /tickets/1/update/
[2026-08-03 16:08:25,533] WARNING django.request Method Not Allowed (GET): /tickets/1/update/
[2026-08-03 18:22:29,278] INFO django.utils.autoreload Watching for file changes with StatReloader
[2026-08-03 18:23:42,024] WARNING apps.service_desk.middleware request_id=88fc1c64-b344-4c7d-9bba-be1e27cc6803 method=POST path=/login/ status=200 duration_ms=1448.4
[2026-08-03 18:23:59,068] WARNING apps.service_desk.middleware request_id=ccf53fe9-4a2e-4d6f-86ae-dd964cfe0e69 method=POST path=/login/ status=200 duration_ms=1326.8
[2026-08-03 18:33:17,818] INFO django.utils.autoreload Watching for file changes with StatReloader
[2026-08-03 18:33:28,278] WARNING apps.service_desk.middleware request_id=19936aa4-c2db-4f06-bc99-bf8fa83058ba method=POST path=/login/ status=200 duration_ms=1280.5
[2026-08-03 18:33:46,515] WARNING apps.service_desk.middleware request_id=6b8c14e2-1ab6-42df-9501-5d8041012b9c method=POST path=/login/ status=302 duration_ms=1249.0
[2026-08-03 18:35:08,842] WARNING django.request Method Not Allowed (GET): /tickets/1/update/
[2026-08-03 18:37:08,851] ERROR django.request Internal Server Error: /tickets/new/
Traceback (most recent call last):
  File "C:\Users\HP\AppData\Roaming\Python\Python314\site-packages\django\core\handlers\exception.py", line 55, in inner
    response = get_response(request)
  File "C:\Users\HP\AppData\Roaming\Python\Python314\site-packages\django\core\handlers\base.py", line 197, in _get_response
    response = wrapped_callback(request, *callback_args, **callback_kwargs)
  File "C:\Users\HP\AppData\Roaming\Python\Python314\site-packages\django\contrib\auth\decorators.py", line 59, in _view_wrapper
    return view_func(request, *args, **kwargs)
  File "C:\Users\HP\AppData\Roaming\Python\Python314\site-packages\django\views\decorators\http.py", line 64, in inner
    return func(request, *args, **kwargs)
  File "C:\Users\HP\OneDrive\Desktop\Zwe\enterprise_service_desk\ticketing_system\apps\service_desk\views\__init__.py", line 155, in ticket_create
    company = require_company(request)
  File "C:\Users\HP\OneDrive\Desktop\Zwe\enterprise_service_desk\ticketing_system\apps\service_desk\tenancy.py", line 43, in require_company
    raise ImproperlyConfigured(
        "No active company configured. Run: python manage.py bootstrap_esd"
    )
django.core.exceptions.ImproperlyConfigured: No active company configured. Run: python manage.py bootstrap_esd
[2026-08-03 18:37:08,858] WARNING apps.service_desk.middleware request_id=60b9ca5c-3eda-420d-bfe4-73587ff2962f method=GET path=/tickets/new/ status=500 duration_ms=912.9
[2026-08-03 18:40:55,535] INFO apps.service_desk.services.audit_service audit action=billing.subscribed object=subscription:1
[2026-08-03 18:40:55,535] INFO apps.billing.services subscribe company=default plan=professional
[2026-08-03 18:40:55,604] INFO apps.service_desk.services.audit_service audit action=cmdb.ci_upsert object=configuration_item:1
[2026-08-03 18:41:06,561] INFO django.utils.autoreload Watching for file changes with StatReloader
[2026-08-03 19:01:01,620] INFO django.utils.autoreload Watching for file changes with StatReloader
[2026-08-03 18:47:00,071] WARNING django.request Not Found: /.well-known/appspecific/com.chrome.devtools.json
[2026-08-03 18:52:31,187] WARNING django.request Not Found: /.well-known/appspecific/com.chrome.devtools.json
[2026-08-03 19:06:10,646] WARNING django.request Not Found: /.well-known/appspecific/com.chrome.devtools.json
[2026-08-03 19:06:27,944] WARNING django.request Not Found: /.well-known/appspecific/com.chrome.devtools.json
[2026-08-03 19:08:05,586] INFO apps.service_desk.services.audit_service audit action=ticket.created object=ticket:1
[2026-08-03 19:08:05,611] INFO apps.service_desk.services.audit_service audit action=ticket.assigned object=ticket:1
[2026-08-03 19:08:06,586] INFO apps.service_desk.services.audit_service audit action=ticket.assigned object=ticket:1
[2026-08-03 19:08:06,595] INFO apps.service_desk.services.automation_service automation rule=Auto-assign new incidents trigger=ticket.created ticket=IT-2026-00001
[2026-08-03 19:08:06,696] INFO apps.event_engine.services event_published type=ticket.created aggregate=ticket:1
[2026-08-03 19:08:06,707] DEBUG apps.service_desk.services.ai_service ai_enrich ticket=1 sentiment=0.0
[2026-08-03 19:08:06,707] INFO apps.service_desk.services.ticket_service ticket_created number=IT-2026-00001 id=1
[2026-08-03 19:08:06,718] WARNING apps.service_desk.middleware request_id=4392b017-644d-4862-afb3-52f6f81a7673 method=POST path=/tickets/new/ status=302 duration_ms=1201.9
[2026-08-03 19:10:42,241] INFO apps.service_desk.services.audit_service audit action=ticket.updated object=ticket:1
[2026-08-03 19:51:20,918] INFO django.utils.autoreload Watching for file changes with StatReloader
[2026-08-03 19:57:35,080] INFO django.utils.autoreload Watching for file changes with StatReloader
[2026-08-03 20:03:16,169] INFO django.utils.autoreload Watching for file changes with StatReloader
[2026-08-03 20:28:04,218] INFO django.utils.autoreload Watching for file changes with StatReloader
[2026-08-03 20:34:49,529] INFO django.utils.autoreload Watching for file changes with StatReloader
[2026-08-03 20:38:41,543] INFO django.utils.autoreload Watching for file changes with StatReloader
[2026-08-03 20:39:17,867] INFO apps.service_desk.services.audit_service audit action=ticket.updated object=ticket:1
[2026-08-03 20:41:02,051] INFO django.utils.autoreload Watching for file changes with StatReloader
[2026-08-03 20:54:54,090] INFO django.utils.autoreload Watching for file changes with StatReloader
